files/17.csv
id,week,center_id,meal_id,checkout_price,base_price,emailer_for_promotion,homepage_featured,num_orders
1278955,1,17,2304,485.03,485.03,0,0,54
1283615,2,17,2304,484.03,484.03,0,0,42
1429331,3,17,2304,486.03,486.03,0,0,15
1185642,4,17,2304,484.03,486.03,0,0,27
1253721,5,17,2304,485.03,486.03,0,0,42
1479872,6,17,2304,437.5,437.5,0,0,14
1351408,7,17,2304,438.5,436.5,0,0,13
1188124,8,17,2304,436.5,436.5,0,0,41
1236379,9,17,2304,436.5,437.5,0,0,13
1394827,10,17,2304,486.03,485.03,0,0,41
1468441,11,17,2304,485.03,486.03,0,0,27
1120820,12,17,2304,485.03,485.03,0,0,26
1047626,13,17,2304,486.03,484.03,0,0,26
1349054,15,17,2304,486.03,484.03,0,0,13
1205157,16,17,2304,485.03,485.03,0,0,27
1097724,17,17,2304,388.03,484.03,0,0,15
1080875,18,17,2304,389.03,484.03,0,0,13
1252513,19,17,2304,387.03,486.03,0,0,40
1311497,20,17,2304,388.03,484.03,0,0,40
1288146,21,17,2304,485.03,486.03,0,1,28
1472711,22,17,2304,484.03,486.03,0,0,55
1291520,23,17,2304,484.03,485.03,0,0,13
1252511,24,17,2304,485.03,485.03,0,0,54
1410514,25,17,2304,485.03,484.03,0,0,15
1488152,26,17,2304,485.03,484.03,0,0,13
1386913,27,17,2304,485.03,484.03,0,0,40
1020899,28,17,2304,484.03,485.03,0,0,13
1064728,29,17,2304,486.03,484.03,0,0,14
1378435,30,17,2304,486.03,484.03,0,0,26
1211243,32,17,2304,389.03,484.03,1,0,41
1187750,33,17,2304,387.03,486.03,0,0,41
1274623,34,17,2304,389.03,485.03,0,0,54
1047406,35,17,2304,387.03,484.03,0,0,26
1001265,36,17,2304,485.03,485.03,0,0,28
1109064,37,17,2304,486.03,484.03,0,0,26
1324492,38,17,2304,486.03,485.03,0,1,42
1102352,39,17,2304,484.03,486.03,0,0,69
1174366,40,17,2304,486.03,485.03,0,0,80
1132530,41,17,2304,485.03,486.03,0,0,28
1423590,42,17,2304,485.03,486.03,0,0,28
1002987,43,17,2304,390,484.03,1,1,69
1109374,44,17,2304,389,486.03,1,1,188
1229982,45,17,2304,388,485.03,0,1,67
1100915,46,17,2304,389,484.03,0,1,82
1220681,47,17,2304,484.03,485.03,0,1,81
1074360,48,17,2304,486.03,484.03,0,0,82
1418729,49,17,2304,485.03,484.03,0,0,41
1444488,50,17,2304,484.03,485.03,0,0,28
1349524,51,17,2304,484.03,484.03,0,0,80
1264867,52,17,2304,485.03,486.03,0,0,80
1450228,53,17,2304,485.03,484.03,0,0,68
1179413,54,17,2304,484.03,485.03,0,0,136
1341781,55,17,2304,387.03,484.03,1,0,122
1025603,56,17,2304,389.03,484.03,0,0,80
1159408,57,17,2304,389.03,486.03,0,1,108
1146681,58,17,2304,394.79,485.03,0,1,161
1255243,59,17,2304,484.03,485.03,0,0,69
1433333,60,17,2304,485.03,485.03,0,0,28
1149436,61,17,2304,485.03,484.03,0,0,41
1131160,62,17,2304,486.03,484.03,0,0,41
1005372,63,17,2304,486.03,486.03,0,1,95
1144764,64,17,2304,484.03,486.03,0,1,69
1450856,65,17,2304,486.03,484.03,0,1,15
1225080,66,17,2304,486.03,486.03,0,0,28
1123774,67,17,2304,486.03,485.03,0,1,107
1009194,68,17,2304,486.03,485.03,0,1,54
1060902,69,17,2304,484.03,485.03,0,1,28
1365384,70,17,2304,486.03,485.03,0,0,55
1255931,71,17,2304,484.03,485.03,0,0,94
1275066,72,17,2304,387.09,484.03,1,1,150
1261197,73,17,2304,388.03,484.03,0,0,123
1063497,74,17,2304,387.03,484.03,0,0,42
1388985,75,17,2304,389.03,486.03,0,0,67
1435262,76,17,2304,486.03,484.03,0,0,53
1142863,77,17,2304,485.03,484.03,0,0,13
1160657,78,17,2304,486.03,486.03,0,0,53
1066056,79,17,2304,486.03,484.03,0,0,42
1277782,80,17,2304,486.03,484.03,0,1,28
1235010,81,17,2304,485.03,485.03,0,0,55
1176637,82,17,2304,486.03,484.03,0,0,82
1138374,83,17,2304,387.03,484.03,0,1,26
1462331,84,17,2304,389.03,484.03,0,1,69
1404216,85,17,2304,388.03,484.03,0,0,55
1361895,86,17,2304,388.03,485.03,0,0,42
1069745,87,17,2304,486.03,486.03,0,0,27
1140563,88,17,2304,484.03,484.03,0,0,41
1075639,89,17,2304,486.03,485.03,0,0,53
1418124,90,17,2304,486.03,485.03,0,0,28
1481333,91,17,2304,484.03,485.03,0,0,28
1429902,92,17,2304,486.03,486.03,0,0,27
1048598,93,17,2304,486.03,485.03,0,0,27
1329220,95,17,2304,485.03,484.03,0,0,67
1074273,96,17,2304,486.03,485.03,0,0,80
1459112,97,17,2304,485.03,486.03,0,0,54
1148628,98,17,2304,484.03,484.03,0,0,55
1206530,100,17,2304,484.03,486.03,0,0,94
1166127,101,17,2304,486.03,486.03,0,0,69
1326381,102,17,2304,485.03,484.03,0,0,14
1022521,103,17,2304,484.03,486.03,0,0,13
1274254,104,17,2304,486.03,486.03,0,0,81
1165751,105,17,2304,484.03,486.03,0,0,68
1166064,106,17,2304,485.03,484.03,0,1,41
1487256,107,17,2304,486.03,484.03,0,1,80
1362167,109,17,2304,484.03,484.03,0,0,27
1124245,110,17,2304,472.39,473.39,0,0,14
1219832,111,17,2304,473.39,473.39,0,0,82
1126945,112,17,2304,472.39,472.39,0,0,150
1181768,113,17,2304,473.39,474.39,0,0,82
1106346,114,17,2304,472.39,473.39,0,0,54
1085604,115,17,2304,473.39,474.39,0,0,54
1214383,116,17,2304,474.39,473.39,0,0,26
1343645,117,17,2304,388.03,472.39,0,1,123
1048127,118,17,2304,402.58,473.39,0,1,82
1368423,119,17,2304,389.03,473.39,0,1,150
1013084,120,17,2304,389.03,473.39,0,1,67
1002798,121,17,2304,469.51,470.51,0,0,54
1008811,122,17,2304,469.51,468.51,0,0,95
1454626,123,17,2304,468.51,469.51,0,0,55
1060005,124,17,2304,470.51,468.51,0,0,55
1436673,125,17,2304,397.76,469.51,0,0,122
1471244,126,17,2304,387.03,469.51,0,0,41
1109950,127,17,2304,404.52,468.51,0,0,69
1444940,128,17,2304,389.03,470.51,0,0,109
1020995,129,17,2304,449.11,450.11,0,0,68
1054135,130,17,2304,469.51,468.51,0,0,15
1199585,131,17,2304,468.51,468.51,0,0,54
1458580,132,17,2304,469.51,469.51,0,1,54
1020545,133,17,2304,482.09,469.51,0,1,69
1000091,134,17,2304,483.09,469.51,0,1,109
1311749,135,17,2304,485.03,470.51,0,1,69
1383203,136,17,2304,485.03,470.51,0,1,13
1459485,137,17,2304,388.03,468.51,1,1,82
1125722,138,17,2304,388.03,470.51,1,1,82
1161119,139,17,2304,387.03,470.51,0,0,68
1025284,140,17,2304,460.78,459.78,0,0,109
1303219,141,17,2304,486.03,484.03,0,0,42
1352566,142,17,2304,486.03,484.03,0,0,54
1435561,143,17,2304,464.63,465.63,0,0,68
1476832,144,17,2304,486.03,485.03,0,0,41
1124909,145,17,2304,485.03,486.03,0,0,80
1009749,2,17,2631,97.03,252.23,1,0,202
1492742,3,17,2631,98.03,253.23,0,0,176
1287549,4,17,2631,94.09,252.23,0,0,40
1140196,5,17,2631,97.03,97.03,0,0,109
1077881,6,17,2631,251.23,251.23,0,0,41
1395170,7,17,2631,251.23,251.23,0,0,15
1471180,8,17,2631,253.23,251.23,0,0,15
1277331,9,17,2631,251.23,252.23,0,0,28
1410036,10,17,2631,252.23,253.23,0,0,28
1448025,11,17,2631,253.23,252.23,0,0,26
1393986,12,17,2631,251.23,252.23,0,0,28
1416703,13,17,2631,251.23,251.23,0,0,42
1454378,15,17,2631,96.03,252.23,1,1,258
1114081,16,17,2631,96.03,252.23,0,0,190
1203641,17,17,2631,97.06,253.23,0,0,68
1249001,18,17,2631,99,253.23,0,0,27
1098071,19,17,2631,107.73,252.23,0,0,14
1259998,20,17,2631,242.5,244.5,0,0,40
1383626,21,17,2631,153.26,243.5,0,0,40
1131848,22,17,2631,151.38,243.5,0,0,54
1489711,23,17,2631,153.26,244.5,1,0,67
1116686,24,17,2631,155.26,243.5,0,0,54
1047680,25,17,2631,153.26,243.5,0,0,27
1309730,26,17,2631,148.41,242.5,0,0,42
1255504,27,17,2631,154.26,244.5,0,0,80
1424722,28,17,2631,151.35,243.5,0,1,69
1099099,29,17,2631,155.26,243.5,0,1,42
1136680,30,17,2631,154.26,155.26,0,0,41
1134235,31,17,2631,155.26,154.26,0,0,68
1177427,32,17,2631,154.26,153.26,0,0,82
1039121,33,17,2631,155.26,154.26,0,0,94
1327453,34,17,2631,153.26,154.26,0,0,67
1041280,35,17,2631,149.41,149.41,0,0,40
1488165,36,17,2631,154.26,154.26,0,0,41
1045899,37,17,2631,151.38,149.38,0,0,54
1418727,38,17,2631,154.26,153.26,0,0,53
1246356,39,17,2631,154.26,155.26,0,0,41
1450752,40,17,2631,155.26,153.26,0,0,26
1083395,41,17,2631,153.26,153.26,0,0,55
1412104,42,17,2631,155.26,153.26,0,0,26
1157076,43,17,2631,153.26,153.26,0,0,53
1293523,44,17,2631,153.26,154.26,0,0,28
1058597,45,17,2631,153.26,154.26,0,0,27
1087497,46,17,2631,155.26,153.26,0,0,28
1407526,47,17,2631,154.26,155.26,0,0,40
1098493,48,17,2631,148.41,149.41,0,0,82
1256125,49,17,2631,152.32,151.32,0,0,109
1403804,50,17,2631,154.26,153.26,0,0,54
1194949,51,17,2631,153.26,154.26,0,0,55
1252021,52,17,2631,154.26,154.26,0,0,54
1280499,53,17,2631,154.26,154.26,0,0,67
1130361,54,17,2631,155.26,155.26,0,0,40
1079952,55,17,2631,153.26,154.26,0,0,15
1149089,56,17,2631,153.26,153.26,0,0,28
1028212,57,17,2631,154.26,153.26,0,0,41
1301373,58,17,2631,154.26,154.26,0,0,54
1373143,60,17,2631,155.26,153.26,0,0,54
1212348,61,17,2631,154.26,154.26,0,0,80
1310148,62,17,2631,152.32,152.32,0,0,13
1496684,63,17,2631,155.26,153.26,0,0,15
1377085,64,17,2631,153.26,153.26,0,0,68
1272424,65,17,2631,149.38,150.38,0,0,55
1023746,66,17,2631,153.26,154.26,0,0,42
1045853,67,17,2631,155.26,155.26,0,0,41
1413342,68,17,2631,93.18,153.26,1,0,96
1414517,69,17,2631,97,154.26,0,0,67
1108474,71,17,2631,107.7,153.26,0,0,81
1405939,72,17,2631,155.26,155.26,0,0,14
1289903,73,17,2631,153.26,154.26,0,0,15
1192856,74,17,2631,138.74,155.26,0,0,15
1046471,75,17,2631,147.5,145.5,0,0,28
1237716,77,17,2631,99,146.5,0,0,15
1445706,78,17,2631,98,147.5,0,0,55
1437464,79,17,2631,94.15,147.5,0,0,82
1267813,80,17,2631,98,145.5,0,0,41
1289571,81,17,2631,155.26,154.26,0,0,26
1339460,82,17,2631,154.26,155.26,0,0,13
1301253,83,17,2631,153.26,155.26,0,0,67
1230160,84,17,2631,153.26,154.26,0,0,28
1261308,85,17,2631,99,154.26,1,1,162
1151853,86,17,2631,97.06,155.26,0,1,67
1290500,87,17,2631,108.64,154.26,0,1,69
1153874,88,17,2631,108.64,155.26,0,0,68
1372866,89,17,2631,97,155.26,0,0,53
1346955,90,17,2631,154.26,153.26,0,0,68
1417562,91,17,2631,155.26,154.26,0,0,13
1213567,92,17,2631,155.26,155.26,0,0,14
1138017,93,17,2631,153.26,153.26,0,0,13
1011166,94,17,2631,150.41,149.41,0,0,40
1030780,95,17,2631,153.26,154.26,0,0,96
1380673,96,17,2631,154.26,153.26,0,0,107
1037398,97,17,2631,154.26,153.26,0,0,13
1260821,98,17,2631,155.26,153.26,0,0,13
1156931,99,17,2631,155.26,153.26,0,0,28
1243614,100,17,2631,97.03,154.26,0,0,108
1493872,101,17,2631,98,155.26,0,0,121
1086570,102,17,2631,97,153.26,0,0,42
1195457,104,17,2631,96.03,154.26,0,0,15
1329170,105,17,2631,99,153.26,0,0,109
1470356,106,17,2631,154.26,154.26,0,0,54
1068000,107,17,2631,154.26,154.26,0,0,42
1469371,108,17,2631,142.62,142.62,0,0,55
1011379,109,17,2631,154.26,153.26,0,0,27
1145099,110,17,2631,155.26,153.26,0,0,69
1254455,111,17,2631,153.26,154.26,0,0,28
1406579,112,17,2631,155.26,153.26,0,0,42
1473220,113,17,2631,155.26,155.26,0,0,27
1280557,114,17,2631,153.26,153.26,0,0,42
1215980,115,17,2631,151.38,149.38,0,0,55
1159068,116,17,2631,155.26,155.26,0,0,54
1158937,117,17,2631,153.26,154.26,0,0,53
1081030,118,17,2631,155.26,154.26,0,0,42
1453936,119,17,2631,153.26,154.26,0,0,41
1124775,120,17,2631,155.26,154.26,0,0,28
1024128,121,17,2631,97.03,155.26,1,0,244
1272007,122,17,2631,96.09,155.26,0,0,40
1277552,123,17,2631,98,155.26,0,0,26
1332827,124,17,2631,98,154.26,0,0,148
1417714,125,17,2631,157.17,158.17,0,0,26
1056966,127,17,2631,163.93,165.93,0,0,14
1131582,128,17,2631,165.93,164.93,0,0,42
1135034,129,17,2631,165.93,164.93,0,0,108
1168356,130,17,2631,164.93,165.93,0,0,40
1231579,131,17,2631,164.93,163.93,0,0,13
1408815,132,17,2631,165.93,163.93,0,0,41
1229461,134,17,2631,98.03,163.93,1,0,122
1195542,135,17,2631,104.82,165.93,0,0,149
1365737,136,17,2631,95.09,164.93,0,0,96
1042951,137,17,2631,97,164.93,0,0,82
1317054,138,17,2631,99,163.93,0,0,40
1473949,139,17,2631,98,164.93,0,0,82
1406457,140,17,2631,108.7,165.93,0,0,94
1445119,141,17,2631,164.93,164.93,0,0,55
1438416,142,17,2631,165.93,163.93,0,0,54
1471906,143,17,2631,154.26,155.26,0,0,41
1357652,144,17,2631,164.93,163.93,0,0,26
1442712,145,17,2631,162.02,162.02,0,0,82
1032438,2,17,1438,244.5,271.63,0,0,14
1047695,3,17,1438,244.5,270.63,0,0,13
1478386,4,17,1438,242.5,272.63,0,0,14
1340823,5,17,1438,244.5,272.63,0,0,41
1301544,6,17,1438,244.5,270.63,0,0,28
1297976,7,17,1438,244.5,271.63,0,0,53
1347770,9,17,1438,271.63,272.63,0,0,26
1076590,10,17,1438,270.63,270.63,0,0,13
1247414,11,17,1438,271.63,271.63,0,0,41
1373353,12,17,1438,272.63,271.63,0,0,15
1235780,13,17,1438,243.5,272.63,0,0,13
1194487,14,17,1438,244.5,271.63,0,0,15
1080836,16,17,1438,244.5,271.63,0,0,40
1233580,17,17,1438,242.5,271.63,0,0,26
1381366,18,17,1438,243.5,271.63,0,0,42
1039347,19,17,1438,243.5,271.63,0,0,15
1341936,20,17,1438,242.5,244.5,0,0,27
1303493,23,17,1438,244.5,244.5,0,0,42
1221664,24,17,1438,242.5,244.5,0,0,26
1087850,25,17,1438,243.5,242.5,0,0,26
1325830,26,17,1438,242.5,243.5,0,0,13
1457806,29,17,1438,194,243.5,0,0,54
1052338,31,17,1438,195,243.5,0,0,54
1435731,32,17,1438,195,244.5,0,0,109
1414099,33,17,1438,256.08,257.08,0,0,96
1472818,34,17,1438,258.08,257.08,0,0,109
1386905,35,17,1438,257.08,256.08,0,0,27
1207505,36,17,1438,258.08,256.08,0,0,28
1000532,37,17,1438,194,257.08,0,0,27
1389249,38,17,1438,196,256.08,0,0,69
1306955,39,17,1438,196,258.08,0,0,53
1109508,40,17,1438,195,258.08,0,0,109
1264207,41,17,1438,217.28,258.08,0,0,15
1286614,42,17,1438,219.28,256.08,0,0,42
1454902,43,17,1438,219.28,217.28,0,0,13
1243461,44,17,1438,218.28,217.28,0,0,27
1282525,45,17,1438,233.8,234.8,0,0,28
1464003,46,17,1438,232.8,234.8,0,0,53
1268934,47,17,1438,232.8,233.8,0,0,14
1230928,48,17,1438,233.8,233.8,0,0,41
1111286,49,17,1438,240.56,241.56,0,0,42
1035099,50,17,1438,240.56,240.56,0,0,15
1015222,51,17,1438,242.56,241.56,0,0,26
1482608,52,17,1438,242.56,240.56,0,0,28
1489699,55,17,1438,240.56,242.56,0,0,13
1163886,58,17,1438,243.53,242.53,0,0,41
1387813,60,17,1438,241.53,243.53,0,0,13
1289750,61,17,1438,241.53,241.53,0,0,41
1443712,62,17,1438,243.53,243.53,0,0,15
1063966,63,17,1438,230.89,229.89,0,0,26
1351263,64,17,1438,243.53,241.53,0,0,14
1329191,65,17,1438,243.53,242.53,0,0,13
1109683,66,17,1438,242.53,241.53,0,0,13
1499367,69,17,1438,231.83,231.83,0,0,27
1188979,72,17,1438,233.83,232.83,0,0,13
1262682,73,17,1438,233.83,232.83,0,0,26
1293030,74,17,1438,232.83,232.83,0,0,15
1384069,77,17,1438,231.83,231.83,0,0,13
1219759,78,17,1438,233.83,231.83,0,0,15
1334343,81,17,1438,212.43,214.43,0,0,13
1331512,82,17,1438,213.43,212.43,0,0,28
1293869,83,17,1438,212.43,214.43,0,0,26
1130896,84,17,1438,212.43,212.43,0,0,41
1166829,85,17,1438,212.43,212.43,0,0,13
1308540,86,17,1438,214.43,214.43,0,0,55
1330153,88,17,1438,212.43,212.43,0,0,15
1218233,94,17,1438,194,194,0,0,27
1376815,95,17,1438,196,194,0,0,15
1384916,96,17,1438,195,196,0,0,26
1292040,98,17,1438,196,194,0,0,13
1042420,100,17,1438,194,194,0,0,26
1147329,101,17,1438,196,194,0,0,69
1270364,102,17,1438,194,196,0,0,80
1142417,103,17,1438,194,194,0,0,41
1376048,104,17,1438,196,195,0,0,67
1402833,105,17,1438,242.5,244.5,0,0,14
1181449,107,17,1438,244.5,242.5,0,0,14
1307742,109,17,1438,243.5,244.5,0,0,27
1270331,143,17,1438,195,196,0,0,14
1103059,144,17,1438,194,196,0,0,82
1469784,145,17,1438,195,194,0,0,81
1060431,2,17,1847,244.5,242.5,0,0,26
1224693,3,17,1847,243.5,242.5,0,0,28
1042231,4,17,1847,253.2,254.2,0,0,42
1190816,5,17,1847,244.5,243.5,0,0,26
1473179,7,17,1847,244.5,243.5,0,0,14
1242360,8,17,1847,243.5,244.5,0,0,13
1491960,10,17,1847,271.63,272.63,0,0,15
1289105,12,17,1847,270.63,272.63,0,0,28
1428740,14,17,1847,242.5,270.63,0,0,28
1092665,15,17,1847,242.5,271.63,0,0,13
1299110,17,17,1847,244.5,271.63,0,0,13
1447757,18,17,1847,243.5,271.63,0,0,54
1216504,19,17,1847,242.5,270.63,0,0,41
1439587,20,17,1847,244.5,271.63,0,0,28
1370034,23,17,1847,243.5,244.5,0,0,28
1338428,26,17,1847,244.5,244.5,0,0,15
1172477,27,17,1847,244.5,242.5,0,0,15
1034701,28,17,1847,244.5,242.5,0,0,27
1410866,29,17,1847,194,242.5,0,0,27
1310015,31,17,1847,194,242.5,0,0,15
1282362,32,17,1847,196,242.5,0,0,27
1119938,33,17,1847,261.93,260.93,0,0,41
1006962,34,17,1847,258.08,257.08,0,0,28
1482491,35,17,1847,256.08,258.08,0,0,15
1195716,36,17,1847,259.99,260.99,0,0,69
1277418,37,17,1847,195,259.99,0,0,26
1348945,38,17,1847,195,259.99,0,0,15
1106755,39,17,1847,195,258.99,0,0,40
1348594,40,17,1847,195,260.99,0,0,53
1423206,41,17,1847,219.28,260.99,0,0,28
1006263,42,17,1847,219.28,259.99,0,0,54
1452528,43,17,1847,218.28,217.28,0,0,26
1092350,45,17,1847,234.8,233.8,0,0,42
1135870,47,17,1847,232.8,234.8,0,0,40
1071760,48,17,1847,234.8,234.8,0,0,26
1020861,49,17,1847,242.56,242.56,0,0,27
1258638,50,17,1847,241.56,242.56,0,0,15
1146217,51,17,1847,241.56,242.56,0,0,41
1438254,53,17,1847,240.56,240.56,0,0,15
1423656,55,17,1847,242.56,240.56,0,0,28
1230917,56,17,1847,242.56,242.56,0,0,28
1358463,57,17,1847,242.53,241.53,0,0,26
1069915,59,17,1847,243.53,241.53,0,0,14
1243361,61,17,1847,243.53,243.53,0,0,13
1431386,67,17,1847,242.53,242.53,0,0,15
1160203,71,17,1847,232.83,233.83,0,0,13
1292452,72,17,1847,232.83,232.83,0,0,14
1238686,73,17,1847,233.83,232.83,0,0,14
1445061,74,17,1847,232.83,233.83,0,0,13
1127821,77,17,1847,233.83,233.83,0,0,15
1497587,79,17,1847,233.83,231.83,0,0,13
1288411,81,17,1847,213.43,213.43,0,0,13
1459133,82,17,1847,212.43,213.43,0,0,40
1161874,86,17,1847,212.43,212.43,0,0,28
1219963,89,17,1847,214.43,213.43,0,0,26
1082996,90,17,1847,212.43,213.43,0,0,15
1228233,91,17,1847,213.43,214.43,0,0,28
1227606,92,17,1847,212.43,213.43,0,0,13
1378191,94,17,1847,196,196,0,0,40
1264119,95,17,1847,196,196,0,0,28
1251387,96,17,1847,194,196,0,0,26
1404768,97,17,1847,194,196,0,0,14
1424173,98,17,1847,194,196,0,0,42
1320898,99,17,1847,194,195,0,0,54
1157776,100,17,1847,194,195,0,0,41
1312567,101,17,1847,195,196,0,0,14
1160631,102,17,1847,194,194,0,0,41
1298944,103,17,1847,194,194,0,0,53
1037505,104,17,1847,194,196,0,0,27
1465527,106,17,1847,243.5,244.5,0,0,15
1094665,107,17,1847,242.5,243.5,0,0,26
1220506,108,17,1847,243.5,242.5,0,0,13
1122275,109,17,1847,244.5,242.5,0,0,14
1410683,143,17,1847,195,195,0,0,40
1322886,144,17,1847,196,195,0,0,81
1015687,145,17,1847,194,196,0,0,55
